// Jest Snapshot v1, https://goo.gl/fbAQLP

exports[`NoArticle component test NoArticle component should render correctly 1`] = `ShallowWrapper {}`;
