// Jest Snapshot v1, https://goo.gl/fbAQLP

exports[`Home Page Home page should render correctly 1`] = `
<div
  className="home-page"
>
  Home Page
</div>
`;
