// Jest Snapshot v1, https://goo.gl/fbAQLP

exports[`Navbar component test Navbar component should render correctly 1`] = `ShallowWrapper {}`;

exports[`Navbar component test Navbar component should render with list 1`] = `ShallowWrapper {}`;
