// Jest Snapshot v1, https://goo.gl/fbAQLP

exports[`Article component test Article component should render correctly 1`] = `ShallowWrapper {}`;
