// Jest Snapshot v1, https://goo.gl/fbAQLP

exports[`Not Found Page Not Found page should render correctly 1`] = `
<div
  className="not-found-page"
>
  Not Found
</div>
`;
