// Jest Snapshot v1, https://goo.gl/fbAQLP

exports[`Image component test Image component should render correctly 1`] = `
initialize {
  "0": Object {
    "attribs": Object {
      "alt": "alt",
      "load": "lazy",
      "src": "",
    },
    "children": Array [],
    "name": "img",
    "namespace": "http://www.w3.org/1999/xhtml",
    "next": null,
    "parent": null,
    "prev": null,
    "root": Object {
      "attribs": Object {},
      "children": Array [
        [Circular],
      ],
      "name": "root",
      "namespace": "http://www.w3.org/1999/xhtml",
      "next": null,
      "parent": null,
      "prev": null,
      "type": "root",
      "x-attribsNamespace": Object {},
      "x-attribsPrefix": Object {},
    },
    "type": "tag",
    "x-attribsNamespace": Object {
      "alt": undefined,
      "load": undefined,
      "src": undefined,
    },
    "x-attribsPrefix": Object {
      "alt": undefined,
      "load": undefined,
      "src": undefined,
    },
  },
  "_root": [Circular],
  "length": 1,
  "options": Object {
    "decodeEntities": true,
    "normalizeWhitespace": false,
    "withDomLvl1": true,
    "xml": false,
  },
}
`;
