// Jest Snapshot v1, https://goo.gl/fbAQLP

exports[`NightMode component test NightMode component should render correctly 1`] = `ShallowWrapper {}`;
